1848
3470
738
1 2 3 4 5 6 7 8 9 10 11 12 13 14 15 16 17 18 19 20 21 22 23 24

1 2 3 4 5 6 7 10 11 12 13 14 15 16 17 20 21 22 23 24 25 26 27 30

1 2 3 4 5 6 7 8 9 a b c d e f 10 11 12 13 14 15 16 17 18

1848
3470
738
1 2 3 4 5 6 7 8 9 10 11 12 13 14 15 16 17 18 19 20 21 22 23 24

1 2 3 4 5 6 7 10 11 12 13 14 15 16 17 20 21 22 23 24 25 26 27 30

1 2 3 4 5 6 7 8 9 a b c d e f 10 11 12 13 14 15 16 17 18

     +1848
      3470
0000000738
