VfL Bochum 1848/VfL B
VfL Bochum 1848/VfL B
VfL Bochum 1848/VfL B
