m: |VfL Bochum 1848|
m: |VfL|
m: |"VfL Bochum 1848"|
m: |"                                                                                     VfL Bochum 1848"|
m: |"                                                                                     VfL Bochum 1848"|
m: |"VfL Bochum 1848"|
m: |"                                                                                     VfL Bochum 1848"|
m: |"                                                                                     VfL Bochum 1848"|
m: ||
p: |VfL Bochum 1848|
p: |VfL|
p: |"VfL Bochum 1848"|
p: |"                                                                                     VfL Bochum 1848"|
p: |"                                                                                     VfL Bochum 1848"|
p: |"VfL Bochum 1848"|
p: |"                                                                                     VfL Bochum 1848"|
p: |"                                                                                     VfL Bochum 1848"|
p: ||
