1848 (4)
3470 (4)
738 (3)
1 2 3 4 5 6 7 8 9 10 11 12 13 14 15 16 17 18 19 20 21 22 23 24 (62)
1 2 3 4 5 6 7 10 11 12 13 14 15 16 17 20 21 22 23 24 25 26 27 30 (64)
1 2 3 4 5 6 7 8 9 a b c d e f 10 11 12 13 14 15 16 17 18 (56)
1848 (4)
3470 (4)
738 (3)
1 2 3 4 5 6 7 8 9 10 11 12 13 14 15 16 17 18 19 20 21 22 23 24 (62)
1 2 3 4 5 6 7 10 11 12 13 14 15 16 17 20 21 22 23 24 25 26 27 30 (64)
1 2 3 4 5 6 7 8 9 a b c d e f 10 11 12 13 14 15 16 17 18 (56)
     +1848 (10)
      3470 (10)
0000000738 (10)
